right
[sound: /System/Library/Sounds/Glass.aiff]
[sleep: 10]
[sound: /System/Library/Sounds/Bottle.aiff]
left
[sound: /System/Library/Sounds/Glass.aiff]
[sleep: 10]
[sound: /System/Library/Sounds/Bottle.aiff]
right
[sound: /System/Library/Sounds/Glass.aiff]
[sleep: 10]
[sound: /System/Library/Sounds/Bottle.aiff]
left
[sound: /System/Library/Sounds/Glass.aiff]
[sleep: 10]
[sound: /System/Library/Sounds/Bottle.aiff]
right
[sound: /System/Library/Sounds/Glass.aiff]
[sleep: 10]
[sound: /System/Library/Sounds/Bottle.aiff]
left
[sound: /System/Library/Sounds/Glass.aiff]
[sleep: 10]
[sound: /System/Library/Sounds/Bottle.aiff]
right
[sound: /System/Library/Sounds/Glass.aiff]
[sleep: 10]
[sound: /System/Library/Sounds/Bottle.aiff]
left
[sound: /System/Library/Sounds/Glass.aiff]
[sleep: 10]
[sound: /System/Library/Sounds/Bottle.aiff]
right
[sound: /System/Library/Sounds/Glass.aiff]
[sleep: 10]
[sound: /System/Library/Sounds/Bottle.aiff]
left
[sound: /System/Library/Sounds/Glass.aiff]
[sleep: 10]
[sound: /System/Library/Sounds/Bottle.aiff]
rest
[sleep: 30]
right
[sound: /System/Library/Sounds/Glass.aiff]
[sleep: 10]
[sound: /System/Library/Sounds/Bottle.aiff]
left
[sound: /System/Library/Sounds/Glass.aiff]
[sleep: 10]
[sound: /System/Library/Sounds/Bottle.aiff]
right
[sound: /System/Library/Sounds/Glass.aiff]
[sleep: 10]
[sound: /System/Library/Sounds/Bottle.aiff]
left
[sound: /System/Library/Sounds/Glass.aiff]
[sleep: 10]
[sound: /System/Library/Sounds/Bottle.aiff]
right
[sound: /System/Library/Sounds/Glass.aiff]
[sleep: 10]
[sound: /System/Library/Sounds/Bottle.aiff]
left
[sound: /System/Library/Sounds/Glass.aiff]
[sleep: 10]
[sound: /System/Library/Sounds/Bottle.aiff]
right
[sound: /System/Library/Sounds/Glass.aiff]
[sleep: 10]
[sound: /System/Library/Sounds/Bottle.aiff]
left
[sound: /System/Library/Sounds/Glass.aiff]
[sleep: 10]
[sound: /System/Library/Sounds/Bottle.aiff]
right
[sound: /System/Library/Sounds/Glass.aiff]
[sleep: 10]
[sound: /System/Library/Sounds/Bottle.aiff]
left
[sound: /System/Library/Sounds/Glass.aiff]
[sleep: 10]
[sound: /System/Library/Sounds/Bottle.aiff]
